// Jest Snapshot v1, https://goo.gl/fbAQLP

exports[`<Login /> render() renders the component 1`] = `
<Form(Connect(Login))
  anyTouched={false}
  array={
    Object {
      "insert": [Function],
      "move": [Function],
      "pop": [Function],
      "push": [Function],
      "remove": [Function],
      "removeAll": [Function],
      "shift": [Function],
      "splice": [Function],
      "swap": [Function],
      "unshift": [Function],
    }
  }
  arrayInsert={[Function]}
  arrayMove={[Function]}
  arrayPop={[Function]}
  arrayPush={[Function]}
  arrayRemove={[Function]}
  arrayRemoveAll={[Function]}
  arrayShift={[Function]}
  arraySplice={[Function]}
  arraySwap={[Function]}
  arrayUnshift={[Function]}
  asyncValidating={false}
  autofill={[Function]}
  blur={[Function]}
  change={[Function]}
  clearAsyncError={[Function]}
  clearFields={[Function]}
  clearSubmit={[Function]}
  clearSubmitErrors={[Function]}
  destroy={[Function]}
  destroyOnUnmount={true}
  dirty={false}
  dispatch={[Function]}
  enableReinitialize={false}
  focus={[Function]}
  forceUnregisterOnUnmount={false}
  form="login"
  getFormState={[Function]}
  initialize={[Function]}
  initialized={false}
  invalid={false}
  keepDirtyOnReinitialize={false}
  persistentSubmitErrors={false}
  pristine={true}
  pure={true}
  registerField={[Function]}
  reset={[Function]}
  resetSection={[Function]}
  setSubmitFailed={[Function]}
  setSubmitSucceeded={[Function]}
  shouldAsyncValidate={[Function]}
  shouldError={[Function]}
  shouldValidate={[Function]}
  shouldWarn={[Function]}
  startAsyncValidation={[Function]}
  startSubmit={[Function]}
  stopAsyncValidation={[Function]}
  stopSubmit={[Function]}
  store={
    Object {
      "clearActions": [Function],
      "dispatch": [Function],
      "getActions": [Function],
      "getState": [Function],
      "replaceReducer": [Function],
      "subscribe": [Function],
    }
  }
  storeSubscription={
    Subscription {
      "listeners": Object {
        "clear": [Function],
        "get": [Function],
        "notify": [Function],
        "subscribe": [Function],
      },
      "onStateChange": [Function],
      "parentSub": undefined,
      "store": Object {
        "clearActions": [Function],
        "dispatch": [Function],
        "getActions": [Function],
        "getState": [Function],
        "replaceReducer": [Function],
        "subscribe": [Function],
      },
      "unsubscribe": [Function],
    }
  }
  submit={[Function]}
  submitFailed={false}
  submitSucceeded={false}
  submitting={false}
  syncErrors={Object {}}
  syncWarnings={Object {}}
  touch={[Function]}
  touchOnBlur={true}
  touchOnChange={false}
  unregisterField={[Function]}
  untouch={[Function]}
  updateSyncErrors={[Function]}
  updateSyncWarnings={[Function]}
  updateUnregisteredFields={false}
  valid={true}
  validExceptSubmit={true}
  validate={[Function]}
  values={Object {}}
/>
`;
