// Jest Snapshot v1, https://goo.gl/fbAQLP

exports[`<Checkbox /> render() renders the component 1`] = `
<div
  className="sc-bdVaJa jySyCm"
>
  <ReduxFormMaterialUIWithStyles
    store={
      Object {
        "clearActions": [Function],
        "dispatch": [Function],
        "getActions": [Function],
        "getState": [Function],
        "replaceReducer": [Function],
        "subscribe": [Function],
      }
    }
  />
</div>
`;
